<?xml version="1.0" encoding="UTF-8" standalone="yes" ?>
<!DOCTYPE boost_serialization>
<boost_serialization signature="serialization::archive" version="20">
<e class_id="0" class_name="TranslationStartEvent" tracking_level="0" version="0">
	<Event class_id="1" tracking_level="0" version="0"></Event>
</e>
<e class_id="2" class_name="TranslationProgressEvent" tracking_level="0" version="0">
	<Event></Event>
</e>
<e class_id_reference="2">
	<Event></Event>
</e>
<e class_id_reference="2">
	<Event></Event>
</e>
<e class_id="3" class_name="ObjectCountsWorkdata" tracking_level="0" version="0">
	<WorkdataEvent class_id="4" tracking_level="0" version="0">
		<Event></Event>
		<m_severity>3</m_severity>
		<v1 class_id="5" tracking_level="0" version="0">
			<count>0</count>
			<item_version>0</item_version>
		</v1>
		<v2>
			<count>0</count>
			<item_version>0</item_version>
		</v2>
		<v1>
			<count>2</count>
			<item_version>0</item_version>
			<item class_id="6" tracking_level="0" version="0">
				<strData>Duration(second)</strData>
			</item>
			<item>
				<strData>DeltaWorkingSet(MB)</strData>
			</item>
		</v1>
		<v2>
			<count>2</count>
			<item_version>0</item_version>
			<item>
				<strData>0.00</strData>
			</item>
			<item>
				<strData>0</strData>
			</item>
		</v2>
	</WorkdataEvent>
	<m_sComponentName class_id="7" tracking_level="0" version="0">
		<strData>BuildDirectory</strData>
	</m_sComponentName>
	<v1 class_id="8" tracking_level="0" version="0">
		<count>5</count>
		<item_version>0</item_version>
		<item>
			<strData>IFile</strData>
		</item>
		<item>
			<strData>IRenderStyle</strData>
		</item>
		<item>
			<strData>IPart</strData>
		</item>
		<item>
			<strData>IGeometricSet</strData>
		</item>
		<item>
			<strData>IPolygonMesh</strData>
		</item>
	</v1>
	<v2>
		<count>5</count>
		<item_version>0</item_version>
		<item>1</item>
		<item>17</item>
		<item>1</item>
		<item>134</item>
		<item>35</item>
	</v2>
</e>
<e class_id_reference="2">
	<Event></Event>
</e>
<e class_id_reference="2">
	<Event></Event>
</e>
<e class_id_reference="2">
	<Event></Event>
</e>
<e class_id_reference="2">
	<Event></Event>
</e>
<e class_id_reference="2">
	<Event></Event>
</e>
<e class_id_reference="2">
	<Event></Event>
</e>
<e class_id_reference="2">
	<Event></Event>
</e>
<e class_id_reference="2">
	<Event></Event>
</e>
<e class_id_reference="2">
	<Event></Event>
</e>
<e class_id_reference="2">
	<Event></Event>
</e>
<e class_id_reference="2">
	<Event></Event>
</e>
<e class_id_reference="2">
	<Event></Event>
</e>
<e class_id_reference="2">
	<Event></Event>
</e>
<e class_id_reference="2">
	<Event></Event>
</e>
<e class_id_reference="2">
	<Event></Event>
</e>
<e class_id_reference="2">
	<Event></Event>
</e>
<e class_id_reference="2">
	<Event></Event>
</e>
<e class_id_reference="2">
	<Event></Event>
</e>
<e class_id_reference="2">
	<Event></Event>
</e>
<e class_id_reference="2">
	<Event></Event>
</e>
<e class_id_reference="2">
	<Event></Event>
</e>
<e class_id_reference="2">
	<Event></Event>
</e>
<e class_id_reference="2">
	<Event></Event>
</e>
<e class_id_reference="2">
	<Event></Event>
</e>
<e class_id_reference="2">
	<Event></Event>
</e>
<e class_id_reference="2">
	<Event></Event>
</e>
<e class_id_reference="2">
	<Event></Event>
</e>
<e class_id_reference="2">
	<Event></Event>
</e>
<e class_id_reference="2">
	<Event></Event>
</e>
<e class_id_reference="2">
	<Event></Event>
</e>
<e class_id_reference="2">
	<Event></Event>
</e>
<e class_id_reference="2">
	<Event></Event>
</e>
<e class_id_reference="2">
	<Event></Event>
</e>
<e class_id_reference="2">
	<Event></Event>
</e>
<e class_id_reference="2">
	<Event></Event>
</e>
<e class_id_reference="2">
	<Event></Event>
</e>
<e class_id_reference="2">
	<Event></Event>
</e>
<e class_id_reference="2">
	<Event></Event>
</e>
<e class_id_reference="2">
	<Event></Event>
</e>
<e class_id_reference="2">
	<Event></Event>
</e>
<e class_id_reference="2">
	<Event></Event>
</e>
<e class_id_reference="2">
	<Event></Event>
</e>
<e class_id_reference="2">
	<Event></Event>
</e>
<e class_id_reference="2">
	<Event></Event>
</e>
<e class_id_reference="2">
	<Event></Event>
</e>
<e class_id_reference="2">
	<Event></Event>
</e>
<e class_id_reference="2">
	<Event></Event>
</e>
<e class_id_reference="2">
	<Event></Event>
</e>
<e class_id_reference="2">
	<Event></Event>
</e>
<e class_id_reference="2">
	<Event></Event>
</e>
<e class_id_reference="2">
	<Event></Event>
</e>
<e class_id_reference="2">
	<Event></Event>
</e>
<e class_id_reference="2">
	<Event></Event>
</e>
<e class_id_reference="2">
	<Event></Event>
</e>
<e class_id_reference="2">
	<Event></Event>
</e>
<e class_id_reference="2">
	<Event></Event>
</e>
<e class_id_reference="2">
	<Event></Event>
</e>
<e class_id_reference="2">
	<Event></Event>
</e>
<e class_id_reference="2">
	<Event></Event>
</e>
<e class_id_reference="2">
	<Event></Event>
</e>
<e class_id_reference="2">
	<Event></Event>
</e>
<e class_id_reference="2">
	<Event></Event>
</e>
